[+] Verification Success: Report generated with all 14 sections.
.
----------------------------------------------------------------------
Ran 1 test in 0.001s

OK
